
> scalex-frontend@1.0.0 build
> next build

  Γû▓ Next.js 14.2.35
  - Environments: .env.local

   Linting and checking validity of types ...
npm : 
At line:1 char:1
+ npm run build > build_output.txt 2>&1
+ ~~~~~~~~~~~~~~~~~~~~~~~~~~~~~~~~~~~~~
    + CategoryInfo          : NotSpecifi 
   ed: (:String) [], RemoteException
    + FullyQualifiedErrorId : NativeComm 
   andError
 
Failed to compile.

./pages/insights/[slug].tsx
38:8  Warning: React Hook useEffect has 
a missing dependency: 
'fetchStoryDetail'. Either include it or 
remove the dependency array.  
react-hooks/exhaustive-deps

./pages/investor/onboarding.tsx
22:6  Warning: React Hook 
React.useEffect has a missing 
dependency: 'router'. Either include it 
or remove the dependency array.  
react-hooks/exhaustive-deps

./pages/investor/startups/[id].tsx
55:6  Warning: React Hook useEffect has 
a missing dependency: 'fetchStartup'. 
Either include it or remove the 
dependency array.  
react-hooks/exhaustive-deps

./pages/responsible-ai.tsx
25:19  Error: `'` can be escaped with 
`&apos;`, `&lsquo;`, `&#39;`, `&rsquo;`. 
 react/no-unescaped-entities
46:111  Error: `"` can be escaped with 
`&quot;`, `&ldquo;`, `&#34;`, `&rdquo;`. 
 react/no-unescaped-entities
46:118  Error: `"` can be escaped with 
`&quot;`, `&ldquo;`, `&#34;`, `&rdquo;`. 
 react/no-unescaped-entities
49:91  Error: `"` can be escaped with 
`&quot;`, `&ldquo;`, `&#34;`, `&rdquo;`. 
 react/no-unescaped-entities
49:109  Error: `"` can be escaped with 
`&quot;`, `&ldquo;`, `&#34;`, `&rdquo;`. 
 react/no-unescaped-entities
88:61  Error: `'` can be escaped with 
`&apos;`, `&lsquo;`, `&#39;`, `&rsquo;`. 
 react/no-unescaped-entities
141:110  Error: `'` can be escaped with 
`&apos;`, `&lsquo;`, `&#39;`, `&rsquo;`. 
 react/no-unescaped-entities
145:64  Error: `'` can be escaped with 
`&apos;`, `&lsquo;`, `&#39;`, `&rsquo;`. 
 react/no-unescaped-entities

./pages/startup/improve.tsx
41:6  Warning: React Hook useEffect has 
a missing dependency: 
'loadImprovementData'. Either include it 
or remove the dependency array.  
react-hooks/exhaustive-deps
226:24  Error: `'` can be escaped with 
`&apos;`, `&lsquo;`, `&#39;`, `&rsquo;`. 
 react/no-unescaped-entities

./components/startup/DiscoveryBenchmarks.
tsx
73:97  Error: `"` can be escaped with 
`&quot;`, `&ldquo;`, `&#34;`, `&rdquo;`. 
 react/no-unescaped-entities
73:133  Error: `"` can be escaped with 
`&quot;`, `&ldquo;`, `&#34;`, `&rdquo;`. 
 react/no-unescaped-entities

./components/startup/RiskSurfacing.tsx
46:77  Error: `"` can be escaped with 
`&quot;`, `&ldquo;`, `&#34;`, `&rdquo;`. 
 react/no-unescaped-entities
46:93  Error: `"` can be escaped with 
`&quot;`, `&ldquo;`, `&#34;`, `&rdquo;`. 
 react/no-unescaped-entities
58:17  Error: `"` can be escaped with 
`&quot;`, `&ldquo;`, `&#34;`, `&rdquo;`. 
 react/no-unescaped-entities
58:47  Error: `"` can be escaped with 
`&quot;`, `&ldquo;`, `&#34;`, `&rdquo;`. 
 react/no-unescaped-entities

info  - Need to disable some ESLint 
rules? Learn more here: https://nextjs.or
g/docs/basic-features/eslint#disabling-ru
les
